---
http_interactions:
- request:
    method: get
    uri: https://lookups.twilio.com/v1/PhoneNumbers/9043252071
    body:
      encoding: US-ASCII
      string: ''
    headers:
      User-Agent:
      - twilio-ruby/5.31.0 (ruby/x86_64-darwin18 2.6.4-p104)
      Accept-Charset:
      - utf-8
      Accept:
      - application/json
      Authorization:
      - Basic QUMzZjA1YzEyZjBkYjA2ZGVmNDc3ZTVmMDdlMDRkM2Y0MjpmNDhmMTYzMjRiMjMyOTVjYWJiOWNiNTI1MDU3ZDE3Zg==
      Accept-Encoding:
      - gzip;q=1.0,deflate;q=0.6,identity;q=0.3
  response:
    status:
      code: 200
      message: OK
    headers:
      Date:
      - Mon, 16 Dec 2019 14:31:29 GMT
      Content-Type:
      - application/json; charset=utf-8
      Content-Length:
      - '212'
      Connection:
      - keep-alive
      Twilio-Concurrent-Requests:
      - '1'
      Twilio-Request-Id:
      - RQab2521fc41c54f38b3a3b4b728f788c9
      Twilio-Request-Duration:
      - '0.014'
      Access-Control-Allow-Origin:
      - "*"
      Access-Control-Allow-Headers:
      - Accept, Authorization, Content-Type, If-Match, If-Modified-Since, If-None-Match,
        If-Unmodified-Since
      Access-Control-Allow-Methods:
      - GET, POST, DELETE, OPTIONS
      Access-Control-Expose-Headers:
      - ETag
      Access-Control-Allow-Credentials:
      - 'true'
      X-Powered-By:
      - AT-5000
      X-Shenanigans:
      - none
      X-Home-Region:
      - us1
      X-Api-Domain:
      - lookups.twilio.com
      Strict-Transport-Security:
      - max-age=31536000
    body:
      encoding: UTF-8
      string: '{"caller_name": null, "country_code": "US", "phone_number": "+19043252071",
        "national_format": "(904) 325-2071", "carrier": null, "add_ons": null, "url":
        "https://lookups.twilio.com/v1/PhoneNumbers/+19043252071"}'
    http_version: 
  recorded_at: Mon, 16 Dec 2019 14:31:29 GMT
- request:
    method: get
    uri: https://lookups.twilio.com/v1/PhoneNumbers/9043252071
    body:
      encoding: US-ASCII
      string: ''
    headers:
      User-Agent:
      - twilio-ruby/5.31.0 (ruby/x86_64-darwin18 2.6.4-p104)
      Accept-Charset:
      - utf-8
      Accept:
      - application/json
      Authorization:
      - Basic QUMzZjA1YzEyZjBkYjA2ZGVmNDc3ZTVmMDdlMDRkM2Y0MjpmNDhmMTYzMjRiMjMyOTVjYWJiOWNiNTI1MDU3ZDE3Zg==
      Accept-Encoding:
      - gzip;q=1.0,deflate;q=0.6,identity;q=0.3
  response:
    status:
      code: 200
      message: OK
    headers:
      Date:
      - Mon, 16 Dec 2019 14:31:29 GMT
      Content-Type:
      - application/json; charset=utf-8
      Content-Length:
      - '212'
      Connection:
      - keep-alive
      Twilio-Concurrent-Requests:
      - '1'
      Twilio-Request-Id:
      - RQ5c05922b78544e1894472f76d64e9bc2
      Twilio-Request-Duration:
      - '0.014'
      Access-Control-Allow-Origin:
      - "*"
      Access-Control-Allow-Headers:
      - Accept, Authorization, Content-Type, If-Match, If-Modified-Since, If-None-Match,
        If-Unmodified-Since
      Access-Control-Allow-Methods:
      - GET, POST, DELETE, OPTIONS
      Access-Control-Expose-Headers:
      - ETag
      Access-Control-Allow-Credentials:
      - 'true'
      X-Powered-By:
      - AT-5000
      X-Shenanigans:
      - none
      X-Home-Region:
      - us1
      X-Api-Domain:
      - lookups.twilio.com
      Strict-Transport-Security:
      - max-age=31536000
    body:
      encoding: UTF-8
      string: '{"caller_name": null, "country_code": "US", "phone_number": "+19043252071",
        "national_format": "(904) 325-2071", "carrier": null, "add_ons": null, "url":
        "https://lookups.twilio.com/v1/PhoneNumbers/+19043252071"}'
    http_version: 
  recorded_at: Mon, 16 Dec 2019 14:31:29 GMT
- request:
    method: get
    uri: https://lookups.twilio.com/v1/PhoneNumbers/9043252071
    body:
      encoding: US-ASCII
      string: ''
    headers:
      User-Agent:
      - twilio-ruby/5.31.0 (ruby/x86_64-darwin18 2.6.4-p104)
      Accept-Charset:
      - utf-8
      Accept:
      - application/json
      Authorization:
      - Basic QUMzZjA1YzEyZjBkYjA2ZGVmNDc3ZTVmMDdlMDRkM2Y0MjpmNDhmMTYzMjRiMjMyOTVjYWJiOWNiNTI1MDU3ZDE3Zg==
      Accept-Encoding:
      - gzip;q=1.0,deflate;q=0.6,identity;q=0.3
  response:
    status:
      code: 200
      message: OK
    headers:
      Date:
      - Mon, 16 Dec 2019 14:31:29 GMT
      Content-Type:
      - application/json; charset=utf-8
      Content-Length:
      - '212'
      Connection:
      - keep-alive
      Twilio-Concurrent-Requests:
      - '1'
      Twilio-Request-Id:
      - RQfb74d1d2f37545a5bff0e5345b7bb562
      Twilio-Request-Duration:
      - '0.013'
      Access-Control-Allow-Origin:
      - "*"
      Access-Control-Allow-Headers:
      - Accept, Authorization, Content-Type, If-Match, If-Modified-Since, If-None-Match,
        If-Unmodified-Since
      Access-Control-Allow-Methods:
      - GET, POST, DELETE, OPTIONS
      Access-Control-Expose-Headers:
      - ETag
      Access-Control-Allow-Credentials:
      - 'true'
      X-Powered-By:
      - AT-5000
      X-Shenanigans:
      - none
      X-Home-Region:
      - us1
      X-Api-Domain:
      - lookups.twilio.com
      Strict-Transport-Security:
      - max-age=31536000
    body:
      encoding: UTF-8
      string: '{"caller_name": null, "country_code": "US", "phone_number": "+19043252071",
        "national_format": "(904) 325-2071", "carrier": null, "add_ons": null, "url":
        "https://lookups.twilio.com/v1/PhoneNumbers/+19043252071"}'
    http_version: 
  recorded_at: Mon, 16 Dec 2019 14:31:29 GMT
recorded_with: VCR 5.0.0
